Read records:     600     
TDA. Analysis of Transition Data (6.4p). Fri Jul 24 21:39:00 2026
Current memory: 390032 bytes.

Reading command file: ehb1.cf
============================================================================
nvar(...)
Creating new variables. Current memory: 390032 bytes.

Idx Variable  T   S  PFmt  Definition
-------------------------------------
  1 ID        3   4   3.0  c1
  2 NOJ       3   4   2.0  c2
  3 TStart    3   4   3.0  c3
  4 TFin      3   4   3.0  c4
  5 SEX       3   4   2.0  c5
  6 TI        3   4   3.0  c6
  7 TB        3   4   3.0  c7
  8 TE        3   4   3.0  c8
  9 TMAR      3   4   3.0  c9
 10 PRES      3   4   3.0  c10
 11 PRESN     3   4   3.0  c11
 12 EDU       3   4   2.0  c12

Creating a new data matrix.
Maximum number of cases: 1000

Using data file(s): rrdat.1
Free format. Separation character(s): default.

Reading data file: rrdat.1
Read records: 600 

Created a new data matrix.
Number of cases: 600
Number of variables: 12
Missing values in data file(s): none.

End of creating new variables. Current memory: 438267 bytes.
----------------------------------------------------------------------------
Current memory: 390032 bytes. Max memory used: 458386 bytes.
End of program. Fri Jul 24 21:39:00 2026
