Read records:     455     
TDA. Analysis of Transition Data (6.4p). Fri Jul 24 21:39:00 2026
Current memory: 390032 bytes.

Reading command file: ehe3p.cf
============================================================================
nvar(...)
Creating new variables. Current memory: 390032 bytes.

Idx Variable  T   S  PFmt  Definition
-------------------------------------
  1 Time      3   4   0.0  c3
  2 Surv      3   4   0.0  c7
  3 LogSurv   3   4   0.0  log(Surv)

Creating a new data matrix.
Maximum number of cases: 1000
Input select (isel): gt(c3,0)&gt(c7,0)&lt(c7,1)

Using data file(s): ehe3s.ple
Free format. Separation character(s): default.

Reading data file: ehe3s.ple
Read records: 455 
Selected for data matrix: 454 records.

Created a new data matrix.
Number of cases: 454
Number of variables: 3
Missing values in data file(s): none.

End of creating new variables. Current memory: 402114 bytes.
----------------------------------------------------------------------------
psfile=ehe3p.ps
Opened new PostScript file: ehe3p.ps
----------------------------------------------------------------------------
psetup(...)
Creating a new 2d coordinate system.
Size (width x height in mm): 80 x 40
PostScript coordinates. X-axis: 150,377  Y-axis: 460,573
Origin (PostScript x and y coordinates): 150,460
Scaling (x and y axis): 1,1
Rotation (degrees): 0

User coordinates X axis:           0.0000,           4.0000 
User coordinates Y axis:          -3.0000,           0.0000 
----------------------------------------------------------------------------
plxa(sc=1,ic=0)
----------------------------------------------------------------------------
plya(sc=1,ic=0)
----------------------------------------------------------------------------
plframe
----------------------------------------------------------------------------
plot=Time,LogSurv
----------------------------------------------------------------------------
plotp=0,0,3,-3
----------------------------------------------------------------------------
pltext(xy=1.5,-0.7)=Piecewise Constant Exponential (II)
----------------------------------------------------------------------------
Current memory: 390032 bytes. Max memory used: 422320 bytes.
End of program. Fri Jul 24 21:39:00 2026
