Read records:     600     

  Iter    Function Value     Norm of Gradient  Par Change   FCall
    1   2.5573645281526e+00  1.2950038063e+01          --       1 (1,1)
    2   2.4804433470150e+00  2.3703183427e+00  9.0604e-01       3 (3,3)
    3   2.4745609821009e+00  2.0285682162e-01  1.3204e-01       4 (4,4)
    4   2.4745059274133e+00  1.5220050481e-03  1.4219e-02       5 (5,5)
    5   2.4745059236674e+00  1.0405074120e-07  1.3066e-04       6 (6,6)
TDA. Analysis of Transition Data (6.4p). Fri Jul 24 21:39:00 2026
Current memory: 390032 bytes.

Reading command file: ehg1.cf
============================================================================
nvar(...)
Creating new variables. Current memory: 390032 bytes.

Idx Variable  T   S  PFmt  Definition
-------------------------------------
  1 ID        3   4   3.0  c1
  2 NOJ       3   4   2.0  c2
  3 TStart    3   4   3.0  c3
  4 TFin      3   4   3.0  c4
  5 SEX       3   4   2.0  c5
  6 TI        3   4   3.0  c6
  7 TB        3   4   3.0  c7
  8 TE        3   4   3.0  c8
  9 TMAR      3   4   3.0  c9
 10 PRES      3   4   3.0  c10
 11 PRESN     3   4   3.0  c11
 12 EDU       3   4   2.0  c12
 13 DES       3   4   1.0  if(eq(TFin,TI),0,1)
 14 TFP       3   4   3.0  TFin-TStart+1

Creating a new data matrix.
Maximum number of cases: 1000

Using data file(s): rrdat.1
Free format. Separation character(s): default.

Reading data file: rrdat.1
Read records: 600 

Created a new data matrix.
Number of cases: 600
Number of variables: 14
Missing values in data file(s): none.

End of creating new variables. Current memory: 446477 bytes.
----------------------------------------------------------------------------
edef(...)
Creating new single episode data. Max number of transitions: 100.
Definition: org=0, des=DES, ts=0, tf=TFP

                                         Mean
SN  Org Des   Episodes    Weighted     Duration     TS Min      TF Max  Excl
----------------------------------------------------------------------------
 1    0   0       142       142.00      128.18        0.00      428.00    -
 1    0   1       458       458.00       49.30        0.00      350.00    -
Sum               600       600.00

Number of episodes: 600
Successfully created new episode data.
----------------------------------------------------------------------------
rate(...)=6
Transition rate models. Current memory: 446629 bytes.

Model: Gompertz-Makeham

Model without covariates.

Maximum likelihood estimation.
Algorithm 5: Newton (I)

Number of model parameters: 2
Type of covariance matrix: 2
Maximum number of iterations: 20
Convergence criterion: 1
Tolerance for norm of final gradient: 1e-06
Mue of Armijo condition: 0.2
Minimum of step size value: 1e-10
Scaling factor: -1

Log-likelihood of exponential null model: -2514.02
Changed scaling factor for log-likelihood: -0.001
Using default starting values.

Convergence reached in 5 iterations.
Number of function evaluations: 7 (7,7)

Maximum of log likelihood: -2474.51
Norm of final gradient vector: 0.000104051
Last absolute change of function value: 1.51379e-09
Last relative change in parameters: 0.000130663

Idx SN Org Des MT Variable      Coeff      Error    C/Error  Signif
-------------------------------------------------------------------
  1  1   0   1  B Constant    -4.0729     0.0633   -64.3172  1.0000
  2  1   0   1  C Constant    -0.0067     0.0009    -7.7201  1.0000

Log likelihood (starting values): -2557.3645 
Log likelihood (final estimates): -2474.5059 

Calculating estimated rates.
[ 1] prate(tab=0(1)300)=ehg1.prs
----------------------------------------------------------------------------
Current memory: 390032 bytes. Max memory used: 466596 bytes.
End of program. Fri Jul 24 21:39:00 2026
