TDA. Analysis of Transition Data (6.4q). Fri Sep  4 15:06:40 2026
Current memory: 390032 bytes.

Reading command file: err16.cf
============================================================================
nvar(...)
Creating new variables. Current memory: 390032 bytes.

Idx Variable  T   S  PFmt  Definition
-------------------------------------
  1 ID        3   4   2.0  c1
  2 X         3   4   6.2  c2
  3 G         3   4   2.0  c3

Creating a new data matrix.
Maximum number of cases: 1000

Using data file(s): ex.dat
Free format. Separation character(s): default.

Reading data file: ex.dat
Read records: 6 

Created a new data matrix.
Number of cases: 6
Number of variables: 3
Missing values in data file(s): none.

End of creating new variables. Current memory: 402084 bytes.
----------------------------------------------------------------------------
rod(opt=0)=X,G
Rank order data. Current memory: 402084 bytes.
Error: opt=0)=X,G
Syntax error.
----------------------------------------------------------------------------
Current memory: 390032 bytes. Max memory used: 422122 bytes.
End of program. Fri Sep  4 15:06:40 2026
