TDA. Analysis of Transition Data (6.4q). Fri Sep  4 15:06:40 2026
Current memory: 390032 bytes.

Reading command file: fnrtbops1.cf
============================================================================
nvar(...)
Creating new variables. Current memory: 390032 bytes.

Idx Variable  T   S  PFmt  Definition
-------------------------------------
  1 ID        3   4   3.0  c1
  2 SN        3   4   2.0  c2
  3 TS        3   4   3.0  c3
  4 TF        3   4   3.0  c4
  5 SEX       3   4   2.0  c5
  6 TI        3   4   3.0  c6
  7 TB        3   4   3.0  c7
  8 TE        3   4   3.0  c8
  9 TMAR      3   4   3.0  c9
 10 PRES      3   4   3.0  c10
 11 PRESN     3   4   3.0  c11
 12 EDU       3   4   2.0  c12
 13 COHO1     3   4   0.0  ge(TB,348)&le(TB,384)
 14 COHO2     3   4   0.0  ge(TB,468)&le(TB,504)
 15 COHO3     3   4   0.0  ge(TB,588)&le(TB,624)
 16 W         3   4   0.0  SEX[2]
 17 DES       3   4   1.0  if(eq(TF,TI),0,1)
 18 DUR       3   4   3.0  TF-TS+1

Creating a new data matrix.
Maximum number of cases: 1000

Using data file(s): fnrtb_rrdat.1
Free format. Separation character(s): default.

Reading data file: fnrtb_rrdat.1
Read records: 600 

Created a new data matrix.
Number of cases: 600
Number of variables: 18
Missing values in data file(s): none.

End of creating new variables. Current memory: 462843 bytes.
----------------------------------------------------------------------------
edef(...)
Creating new single episode data. Max number of transitions: 100.
Definition: org=0, des=DES, ts=0, tf=DUR

                                         Mean
SN  Org Des   Episodes    Weighted     Duration     TS Min      TF Max  Excl
----------------------------------------------------------------------------
 1    0   0       142       142.00      128.18        0.00      428.00    -
 1    0   1       458       458.00       49.30        0.00      350.00    -
Sum               600       600.00

Number of episodes: 600
Successfully created new episode data.
----------------------------------------------------------------------------
rate(...)=10
Transition rate models. Current memory: 462995 bytes.

Model: Log-logistic (II)

Maximum likelihood estimation.
Algorithm 5: Newton (I)

Number of model parameters: 6
Type of covariance matrix: 2
Maximum number of iterations: 20
Convergence criterion: 1
Tolerance for norm of final gradient: 1e-06
Mue of Armijo condition: 0.2
Minimum of step size value: 1e-10
Scaling factor: -1

Log-likelihood of exponential null model: -2514.02
Changed scaling factor for log-likelihood: -0.001
Using default starting values.

Convergence reached in 8 iterations.
Number of function evaluations: 11 (11,11)

Maximum of log likelihood: -2437.76
Norm of final gradient vector: 4.474e-09
Last absolute change of function value: 1.80149e-12
Last relative change in parameters: 1.4384e-05

Numerical problems.
  1 : overflow/underflow in exp() or log().
  4 : Hessian not positive definite.

Idx SN Org Des MT Variable      Coeff      Error    C/Error  Signif
-------------------------------------------------------------------
  1  1   0   1  A Constant    -2.5514     0.1630   -15.6482  1.0000
  2  1   0   1  A COHO2       -0.1934     0.1839    -1.0517  0.7071
  3  1   0   1  A COHO3       -0.2588     0.2252    -1.1492  0.7495
  4  1   0   1  A W           -0.6879     0.1736    -3.9622  0.9999
  5  1   0   1  B Constant     0.6141     0.0969     6.3347  1.0000
  6  1   0   1  C Constant    -3.7924     0.0706   -53.6865  1.0000

Log likelihood (starting values): -3679.6047 
Log likelihood (final estimates): -2437.7601 

----------------------------------------------------------------------------
Current memory: 390032 bytes. Max memory used: 482962 bytes.
End of program. Fri Sep  4 15:06:40 2026
