TDA. Analysis of Transition Data (6.4q). Fri Sep  4 15:06:40 2026
Current memory: 390032 bytes.

Reading command file: gdfjoint.cf
============================================================================
nvar(...)
Creating new variables. Current memory: 390032 bytes.

Idx Variable  T   S  PFmt  Definition
-------------------------------------
  1 ID        3   8   0.0  c1
  2 L1        3   8   0.0  c2
  3 Y         3   8   0.0  c3
  4 CEN       3   8   0.0  c4

Creating a new data matrix.
Maximum number of cases: 1000

Using data file(s): gjd.dat
Free format. Separation character(s): default.

Reading data file: gjd.dat
Read records: 60 

Created a new data matrix.
Number of cases: 60
Number of variables: 4
Missing values in data file(s): none.

End of creating new variables. Current memory: 422104 bytes.
----------------------------------------------------------------------------
gdf(...)=...
General distribution functions. Current memory: 422104 bytes.

yl: Y  cen: CEN
Number of cases: 60
Number of units: 30
Number of dimensions (level 1): 2
Number of exact cases: 56
Number of interval censored cases: 0
Number of right censored cases: 4
Number of marginal patterns: 1

Pattern  type     units  dimensions
    1      3         30   1  2 

Dimension  level-1  observations  i-censored  r-censored
     1         1              30           0           1
     2         2              30           0           3

Joint calculation (method 1): distribution functions.


Pattern 1. Units: 30, dimensions: 2
Iterative procedure.
Max iterations: 20  tolerance: 0.001
Domain
  1     0.0300    14.0800 
  2     0.5300    12.1600 

Number of boxes in each dimension: 10. Total: 100
Dimension  i-censored  r-censored  observations
     1              0           1            30
     2              0           3            30

Finished after 4 iterations. Max change: 0.00082266

30 records written to: gj2.out
----------------------------------------------------------------------------
gdf(...)=...
General distribution functions. Current memory: 422104 bytes.

yl: Y  cen: CEN
Number of cases: 60
Number of units: 30
Number of dimensions (level 1): 2
Number of exact cases: 56
Number of interval censored cases: 0
Number of right censored cases: 4
Number of marginal patterns: 1

Pattern  type     units  dimensions
    1      3         30   1  2 

Dimension  level-1  observations  i-censored  r-censored
     1         1              30           0           1
     2         2              30           0           3

Joint calculation (method 2): distribution functions.


Pattern 1. Units: 30, dimensions: 2
Local Kaplan-Meier.
Domain
  1     0.0300    14.0800   delta: 1.405
  2     0.5300    12.1600   delta: 1.163

Dimension  i-censored  r-censored  observations
     1              0           1            30
     2              0           3            30


30 records written to: gj3.out
----------------------------------------------------------------------------
Current memory: 390032 bytes. Max memory used: 442151 bytes.
End of program. Fri Sep  4 15:06:40 2026
