  1   1  2     5.7700     8.3600     0.7994 
  1   1  2     2.0500     2.9200     0.4791 
  1   1  2     4.1100     3.2600     0.5889 
  1   1  2     3.3500     4.7400     0.6224 
  1   1  2     0.6800     0.9900     0.2222 
  1   1  2     0.7000     3.3000     0.3322 
  1   1  2     7.6100     5.0700     0.7323 
  1   1  2     0.0300     5.7000    -1.0000 
  1   1  2     0.2300     1.1800     0.2222 
  1   1  2     0.3800     2.0100     0.2772 
  1   1  2     0.2600     1.2100     0.2222 
  1   1  2     1.3600     0.8400     0.2222 
  1   1  2     0.5300     2.5500     0.2772 
  1   1  2    14.0800    12.1600     0.9333 
  1   1  2     1.9400     2.0100     0.3635 
  1   1  2     0.6600     1.3700     0.2222 
  1   1  2     1.2900     1.3600     0.2222 
  1   1  2     4.0300     2.2100     0.4302 
  1   1  2     3.9500     5.3700     0.6559 
  1   1  2     5.8300     6.3200     0.7658 
  1   1  2     2.9100     2.6000     0.4302 
  1   1  2     0.4700     1.2400     0.2222 
  1   1  2     6.8200     4.5500     0.6989 
  1   1  2     2.7300     1.9800     0.3635 
  1   1  2     1.9100     3.3700     0.4791 
  1   1  2     5.9000    11.4600     0.8333 
  1   1  2     0.4700     0.5300    -1.0000 
  1   1  2     4.5700     3.6900     0.6321 
  1   1  2     2.5500     2.8000     0.3635 
  1   1  2    11.0100     8.0400     0.8661 
