  1   1  2     5.7700     8.3600     0.8000 
  1   1  2     2.0500     2.9200     0.4056 
  1   1  2     4.1100     3.2600     0.5833 
  1   1  2     3.3500     4.7400     0.5778 
  1   1  2     0.6800     0.9900     0.0778 
  1   1  2     0.7000     3.3000     0.3000 
  1   1  2     7.6100     5.0700     0.7667 
  1   1  2     0.0300     5.7000     0.0333 
  1   1  2     0.2300     1.1800     0.0333 
  1   1  2     0.3800     2.0100     0.0667 
  1   1  2     0.2600     1.2100     0.0667 
  1   1  2     1.3600     0.8400     0.0889 
  1   1  2     0.5300     2.5500     0.1833 
  1   1  2    14.0800    12.1600     1.0000 
  1   1  2     1.9400     2.0100     0.3222 
  1   1  2     0.6600     1.3700     0.1833 
  1   1  2     1.2900     1.3600     0.1833 
  1   1  2     4.0300     2.2100     0.4056 
  1   1  2     3.9500     5.3700     0.6111 
  1   1  2     5.8300     6.3200     0.8000 
  1   1  2     2.9100     2.6000     0.4611 
  1   1  2     0.4700     1.2400     0.1444 
  1   1  2     6.8200     4.5500     0.7000 
  1   1  2     2.7300     1.9800     0.3222 
  1   1  2     1.9100     3.3700     0.3500 
  1   1  2     5.9000    11.4600     0.8667 
  1   1  2     0.4700     0.5300     0.0389 
  1   1  2     4.5700     3.6900     0.6667 
  1   1  2     2.5500     2.8000     0.3611 
  1   1  2    11.0100     8.0400     0.9000 
