TDA. Analysis of Transition Data (6.4q). Fri Sep  4 15:06:51 2026
Current memory: 390032 bytes.

Reading command file: ivreg1d.cf
============================================================================
nvar(...)
Creating new variables. Current memory: 390032 bytes.

Idx Variable  T   S  PFmt  Definition
-------------------------------------
  1 XL        3   4   4.1  c1
  2 XH        3   4   4.1  c2
  3 YL        3   4   4.1  c3
  4 YH        3   4   4.1  c4

Creating a new data matrix.
Maximum number of cases: 1000

Using data file(s): ivdat.dat
Free format. Separation character(s): default.

Reading data file: ivdat.dat
Read records: 4 

Created a new data matrix.
Number of cases: 4
Number of variables: 4
Missing values in data file(s): none.

End of creating new variables. Current memory: 406104 bytes.
----------------------------------------------------------------------------
ivreg1(tolf=1e-4)=YL,YH,XL,XH
Regression with interval data. Current memory: 406104 bytes.

Number of data points: 4
Number of parameters: 4
Maximum number of iterations: 20000
Maximum number of boxes: 2000
Tolerance for box width: 0.0001
Tolerance for function range: 1e-10
Tolerance for global minimum: 1e-10

Exceeded maximum number of boxes.
The value below is the best point found, not proven
optimal; raise nbox= (and mxit=) to certify it.
Current best value of beta:     4.199389 
----------------------------------------------------------------------------
Current memory: 390032 bytes. Max memory used: 570392 bytes.
End of program. Fri Sep  4 15:06:51 2026
