Read records:       3     
TDA. Analysis of Transition Data (6.4q). Sun Sep  6 11:08:07 2026
Current memory: 390032 bytes.

Reading command file: mapresidue.cf
============================================================================
sdnvar(...)
Reading a spatial data file. Current memory: 390032 bytes.

Idx Variable  T   S  PFmt  Definition
-------------------------------------
  1 SDID      3   4   0.0  c1
  2 SDTyp     3   4   0.0  c2
  3 SDN       3   4   0.0  c3
  4 SDPtr     3   5  11.0  rd

Creating a new data matrix.
Maximum number of cases: 1000

Using data file(s): mapops.sd
Free format. Separation character(s): default.
Reading data file: mapops.sd
Read records: 3 

Created a new data matrix.
Number of cases: 3
Number of variables: 4
Missing values in data file(s): none.

Number of points: 1
Number of lines: 1
Number of polygons: 1
Number of unknown objects: 0

Maximal number of points in spatial objects: 5
Total number of points in spatial objects: 9
Note: mapops.sd remains opened for further access.

X values. Minimum:         8.0000  Maximum:        22.0000
Y values. Minimum:        48.0000  Maximum:        60.0000

End of creating new variables. Current memory: 406513 bytes.
----------------------------------------------------------------------------
psfile=mapres1.ps
Opened new PostScript file: mapres1.ps
----------------------------------------------------------------------------
psetupg(...)
Set up geographical coordinate system. Current memory: 406513 bytes.
Azimuthal projection (orthographic).
View: 15,54. Rectangular region (30,30).

Selected region (lon,lat)
( -60.8083,  72.3534) (  15.0000,  84.0000) (  90.8083,  72.3534)
( -15.0000,  54.0000) (  15.0000,  54.0000) (  45.0000,  54.0000)
(  -3.4026,  21.4174) (  15.0000,  24.0000) (  33.4026,  21.4174)
GDlatmin=21.4174 84
GDlonmin=-60.8083 90.8083

Creating a new 2d coordinate system.
Size (width x height in mm): 100 x 170.13
PostScript coordinates. X-axis: 100,384  Y-axis: 100,582
Origin (PostScript x and y coordinates): 100,100
Scaling (x and y axis): 1,1
Rotation (degrees): 0

User coordinates X axis:          -0.2939,           0.2939 
User coordinates Y axis:          -0.5000,           0.5000 
----------------------------------------------------------------------------
sdpgrat(...)
Graticule for geographical coordinate system. Current memory: 406513 bytes.
Drawing bounds of selected region.
Drawing grid lines (meridians).

geodesic: lona=0 21.4174 lonb=0 75
ax=0.930945 0 0.365159 apx=-0.240946 -0.512852 0.823971
rx=0.567757 0.15213 0.809017
nx=0 0.804714 0
cosphi=0.15213
b=0.15213
la=1 lb=1

ra=56.478 rb=110.061
apz=0.823971 bpz=0.928397

r1=249.939 r2=303.522 b=0.15213

geodesic: lona=10 21.4174 lonb=10 75
ax=0.916802 0.161657 0.365159 apx=-0.0811372 -0.535649 0.840534
rx=0.567757 0.15213 0.809017
nx=-0.139737 0.792488 0
cosphi=0.0512289
b=0.0512289
la=1 lb=1

ra=57.3136 rb=110.896
apz=0.840534 bpz=0.933002

r1=249.104 r2=302.686 b=0.0512289

geodesic: lona=20 21.4174 lonb=20 75
ax=0.874802 0.318402 0.365159 apx=0.0811372 -0.535649 0.840534
rx=0.567757 0.15213 0.809017
nx=-0.275228 0.756183 -1.38778e-17
cosphi=-0.0512289
b=0.0512289
la=0 lb=0

ra=57.3136 rb=110.896
apz=0.840534 bpz=0.933002

r1=57.3136 r2=110.896 b=0.0512289

geodesic: lona=30 21.4174 lonb=30 75
ax=0.806222 0.465473 0.365159 apx=0.240946 -0.512852 0.823971
rx=0.567757 0.15213 0.809017
nx=-0.402357 0.696902 1.38778e-17
cosphi=-0.15213
b=0.15213
la=0 lb=0

ra=56.478 rb=110.061
apz=0.823971 bpz=0.928397

r1=56.478 r2=110.061 b=0.15213
Drawing grid lines (parallels).
mapgrid_lat: GDPROJ=20 GDPROJA=0
----------------------------------------------------------------------------
sdpmap(...)
Plot in geographical coordinate system. Current memory: 406513 bytes.
Projection not supported.
map_line_azi gflag=0  

Number of type 1 objects: 1
Number of type 2 objects: 1. Plotted: 2 (parts)
Number of type 3 objects: 1
PostScript output written to: mapres1.ps
----------------------------------------------------------------------------
psfile=mapres2.ps
Current PostScript file will be closed.
Opened new PostScript file: mapres2.ps
----------------------------------------------------------------------------
psetupg(...)
Set up geographical coordinate system. Current memory: 406513 bytes.
Cylindrical projection (equidistant).
View: 12.6,54.2. Region: 1,1

Selected region longitude:   11.6000 (  12.6000)   13.6000
Selected region latitude:    53.2000 (  54.2000)   55.2000

Creating a new 2d coordinate system.
Size (width x height in mm): 80 x 80
PostScript coordinates. X-axis: 100,327  Y-axis: 100,327
Origin (PostScript x and y coordinates): 100,100
Scaling (x and y axis): 1,1
Rotation (degrees): 0

User coordinates X axis:          11.6000,          13.6000 
User coordinates Y axis:          53.2000,          55.2000 
----------------------------------------------------------------------------
sdpmap(...)
Plot in geographical coordinate system. Current memory: 406513 bytes.

Number of type 1 objects: 1
Number of type 2 objects: 1
Number of type 3 objects: 1
PostScript output written to: mapres2.ps
----------------------------------------------------------------------------
psfile=mapres3.ps
Current PostScript file will be closed.
Opened new PostScript file: mapres3.ps
----------------------------------------------------------------------------
psetupg(...)
Set up geographical coordinate system. Current memory: 406513 bytes.
Azimuthal projection (orthographic).
View: 0,90. Rectangular region (40,40).
The selected region is not supported.
----------------------------------------------------------------------------
Current memory: 390032 bytes. Max memory used: 426151 bytes.
End of program. Sun Sep  6 11:08:07 2026
