TDA. Analysis of Transition Data (6.4q). Fri Sep  4 15:06:51 2026
Current memory: 390032 bytes.

Reading command file: matc7c.cf
============================================================================
mdef(A,2,2)=1,2,3,4
----------------------------------------------------------------------------
mpr([1,2]*A)
      1.0000       2.0000       2.0000       4.0000 
      3.0000       6.0000       4.0000       8.0000 
----------------------------------------------------------------------------
mpr(A+[0,1])
      1.0000       2.0000       2.0000       3.0000 
      3.0000       4.0000       4.0000       5.0000 
----------------------------------------------------------------------------
Current memory: 390032 bytes. Max memory used: 390245 bytes.
End of program. Fri Sep  4 15:06:51 2026
