TDA. Analysis of Transition Data (6.4q). Fri Sep  4 15:06:51 2026
Current memory: 390032 bytes.

Reading command file: matc7b.cf
============================================================================
mdef(Z,3,2)=1,2,3,4,5,6
----------------------------------------------------------------------------
mdef(G,3,1)=1,1,2
----------------------------------------------------------------------------
mldes(Z,G,D)
----------------------------------------------------------------------------
mpr(D)
      1.0000       2.0000       2.0000       4.0000       1.0000 
      3.0000       4.0000       6.0000       8.0000       0.0000 
      0.0000       0.0000       0.0000       0.0000       0.0000 
      3.0000       6.0000       4.0000       8.0000       0.0000 
      9.0000      12.0000      12.0000      16.0000       1.0000 
      0.0000       0.0000       0.0000       0.0000       0.0000 
      0.0000       0.0000       0.0000       0.0000       0.0000 
      0.0000       0.0000       0.0000       0.0000       0.0000 
     25.0000      30.0000      30.0000      36.0000       1.0000 
----------------------------------------------------------------------------
Current memory: 390032 bytes. Max memory used: 390863 bytes.
End of program. Fri Sep  4 15:06:51 2026
