TDA. Analysis of Transition Data (6.4q). Fri Sep  4 15:06:51 2026
Current memory: 390032 bytes.

Reading command file: matc7.cf
============================================================================
mdef(A,3,4)=2,-3,4,1,1,1,1,1,-1,2,0,1
----------------------------------------------------------------------------
mdef(B,3,1)=5,2,1
----------------------------------------------------------------------------
mlpi(A,B,10)
Value: 10
Number of solutions: 1
 0  0  1  1 
----------------------------------------------------------------------------
mdef(C,3,2)=1,1,1,1,-1,-1
----------------------------------------------------------------------------
mdef(E,3,1)=0,1,-1
----------------------------------------------------------------------------
mlpi(C,E,10)
Value: 1
Number of solutions: 2
 1  0 
 0  1 
----------------------------------------------------------------------------
Current memory: 390032 bytes. Max memory used: 390765 bytes.
End of program. Fri Sep  4 15:06:51 2026
