TDA. Analysis of Transition Data (6.4q). Fri Sep  4 15:06:51 2026
Current memory: 390032 bytes.

Reading command file: mlsops.cf
============================================================================
mfmt=24.16
----------------------------------------------------------------------------
mdef(S1,3,3)=1,1,4,1,-1,0,1,2,10
----------------------------------------------------------------------------
mls(S1,X1)
Rank of left-hand side: 2
Norm of residuals:       2.1380899352993943 
----------------------------------------------------------------------------
mpr(X1)
      2.5714285714285721 
      3.1428571428571423 
----------------------------------------------------------------------------
mdef(S1e,3,3)=1,1,4,1,-1,0,1,2,10
----------------------------------------------------------------------------
mlse(S1e,X1e)
Rank of left-hand side: 2
Norm of residuals:       2.1380899352993943 
----------------------------------------------------------------------------
mpr(X1e)
      2.5714285714285721 
      3.1428571428571423 
----------------------------------------------------------------------------
mdef(S2,3,3)=1,0,1,0,1,2,1,1,5
----------------------------------------------------------------------------
mlsi(S2,X2)
Rank of left-hand side: 0
Norm of residuals:       0.0000000000000000 
----------------------------------------------------------------------------
mpr(X2)
      2.5000000000000004 
      2.5000000000000004 
----------------------------------------------------------------------------
mdef(S3,4,3)=1,1,3,1,0,2,0,1,3,1,-1,0
----------------------------------------------------------------------------
mlsei(S3,1,1,X3)
Rank of left-hand side: 1
Norm of residuals:       1.5811388300841893 
----------------------------------------------------------------------------
mpr(X3)
      1.5000000000000000 
      1.5000000000000002 
----------------------------------------------------------------------------
mdef(S4,2,3)=1,0,-2,0,1,3
----------------------------------------------------------------------------
mnls(S4,0,0,X4)
Norm of residuals:       2.0000000000000000 
----------------------------------------------------------------------------
mpr(X4)
      0.0000000000000000 
      3.0000000000000000 
----------------------------------------------------------------------------
Current memory: 390032 bytes. Max memory used: 390952 bytes.
End of program. Fri Sep  4 15:06:51 2026
