TDA. Analysis of Transition Data (6.4q). Fri Sep  4 15:06:51 2026
Current memory: 390032 bytes.

Reading command file: mqpops2.cf
============================================================================
mfmt=24.16
----------------------------------------------------------------------------
mdef(C,2,2)=2,0,0,2
----------------------------------------------------------------------------
mdef(D,2,1)=-2,-4
----------------------------------------------------------------------------
mqp(C,D,X1)
----------------------------------------------------------------------------
mpr(X1)
      1.0000000000000000 
      2.0000000000000000 
----------------------------------------------------------------------------
mdef(XL,2,1)=0,0
----------------------------------------------------------------------------
mdef(XU,2,1)=0.5,0.5
----------------------------------------------------------------------------
mqpb(C,D,XL,XU,X2)
----------------------------------------------------------------------------
mpr(X2)
      0.5000000000000000 
      0.5000000000000000 
----------------------------------------------------------------------------
mdef(A,2,2)=1,1,1,0
----------------------------------------------------------------------------
mdef(B,2,1)=1,0.2
----------------------------------------------------------------------------
mqpc(C,D,A,B,1,X3)
----------------------------------------------------------------------------
mpr(X3)
      0.2000000000000000 
      0.8000000000000000 
----------------------------------------------------------------------------
Current memory: 390032 bytes. Max memory used: 390823 bytes.
End of program. Fri Sep  4 15:06:51 2026
