TDA. Analysis of Transition Data (6.4q). Fri Sep  4 21:47:55 2026
Current memory: 390032 bytes.

Reading command file: staterr117.cf
============================================================================
rstata(...)=rs117.dta
Reading Stata file: rs117.dta
Release: 0x3c Can't identify version.
----------------------------------------------------------------------------
Current memory: 390032 bytes. Max memory used: 390032 bytes.
End of program. Fri Sep  4 21:47:55 2026
