TDA. Analysis of Transition Data (6.4p). Tue Jul 21 05:46:53 2026
Current memory: 390032 bytes.

Reading command file: lp1.cf
============================================================================
      1.0000       0.0000       0.0000 
      1.0000       0.0000       1.0000 
      0.0000       1.0000       1.0000 
      1.0000 
      1.0000 
      1.0000 
      0.0000 
Current memory: 390032 bytes. Max memory used: 390534 bytes.
End of program. Tue Jul 21 05:46:53 2026
