TDA. Analysis of Transition Data (6.4p). Sat Aug 22 08:31:13 2026
Current memory: 390032 bytes.

Reading command file: lsregsg.cf
============================================================================
nvar(...)
Creating new variables. Current memory: 390032 bytes.

Idx Variable  T   S  PFmt  Definition
-------------------------------------
  1 X1        3   4   0.0  c1
  2 X2        3   4   0.0  c2
  3 Y         3   4   0.0  c3

Creating a new data matrix.
Maximum number of cases: 1000

Using data file(s): singular.dat
Free format. Separation character(s): default.

Reading data file: singular.dat
Read records: 6 

Created a new data matrix.
Number of cases: 6
Number of variables: 3
Missing values in data file(s): none.

End of creating new variables. Current memory: 402085 bytes.
----------------------------------------------------------------------------
lsreg(...)=...
Least squares regression. Current memory: 402085 bytes.

Variables (cross-section)
-------------------------
Y   : Y   
X1  : X1  
X2  : X2  

Equality constraints: 0
Inequality constraints: 0

Reading data. Cases: 6

Rank of least squares data matrix: 3
Norm of least squares residuals: 2.7332e-15

Sum of squared residuals: 7.47041e-30

Idx  Wave  Variable       Coeff      Error    Coeff/E  Signif
-------------------------------------------------------------
  1     -  Intercept     0.0000        ---        ---     ---
  2     1  X1           -0.0000        ---        ---     ---
  3     1  X2            2.0000        ---        ---     ---

----------------------------------------------------------------------------
Current memory: 390032 bytes. Max memory used: 422123 bytes.
End of program. Sat Aug 22 08:31:13 2026
