Read records:     600     

  Iter    Function Value     Norm of Gradient  Par Change   FCall
    1   2.5845701196631e+00  6.1519544739e-02          --       1 (1,1)
    2   2.5625424778642e+00  2.6869758553e-03  1.0000e+00       2 (2,2)
    3   2.5625089354869e+00  3.6517955586e-06  5.3126e-02       3 (3,3)
    4   2.5625089354314e+00  1.7388560225e-11  7.7331e-05       4 (4,4)
TDA. Analysis of Transition Data (6.4p). Sat Jul 25 02:06:40 2026
Current memory: 390032 bytes.

Reading command file: pl3.cf
============================================================================
nvar(...)
Creating new variables. Current memory: 390032 bytes.

Idx Variable  T   S  PFmt  Definition
-------------------------------------
  1 ID        3   4   3.0  c1
  2 SN        3   4   2.0  c2
  3 TS        3   4   3.0  c3
  4 TF        3   4   3.0  c4
  5 SEX       3   4   2.0  c5
  6 TI        3   4   3.0  c6
  7 TB        3   4   3.0  c7
  8 TE        3   4   3.0  c8
  9 TMAR      3   4   3.0  c9
 10 PRES      3   4   3.0  c10
 11 PRESN     3   4   3.0  c11
 12 EDU       3   4   2.0  c12
 13 COHO1     3   4   0.0  ge(TB,348)&le(TB,384)
 14 COHO2     3   4   0.0  ge(TB,468)&le(TB,504)
 15 COHO3     3   4   0.0  ge(TB,588)&le(TB,624)
 16 W         3   4   0.0  SEX[2]
 17 MDATE     3   4   0.0  if(le(TMAR,0),10000,TMAR-TS)
 18 DES       3   4   1.0  if(eq(TF,TI),0,1)
 19 DUR       3   4   3.0  TF-TS+1

Creating a new data matrix.
Maximum number of cases: 1000

Using data file(s): rrdat.1
Free format. Separation character(s): default.

Reading data file: rrdat.1
Read records: 600 

Created a new data matrix.
Number of cases: 600
Number of variables: 19
Missing values in data file(s): none.

End of creating new variables. Current memory: 467010 bytes.
----------------------------------------------------------------------------
edef(...)
Creating new single episode data. Max number of transitions: 100.
Definition: org=0, des=DES, ts=0, tf=DUR

                                         Mean
SN  Org Des   Episodes    Weighted     Duration     TS Min      TF Max  Excl
----------------------------------------------------------------------------
 1    0   0       142       142.00      128.18        0.00      428.00    -
 1    0   1       458       458.00       49.30        0.00      350.00    -
Sum               600       600.00

Type 5 variables (dependent on current episode data).

Idx Variable  T   S  PFmt  Definition
-------------------------------------
  1 MARR      5   4   0.0  gt(time,MDATE)

Number of episodes: 600
Errors in evaluating type 5 variables: 0
Successfully created new episode data.
----------------------------------------------------------------------------
rate(...)=1
Transition rate models. Current memory: 471218 bytes.

Model: Cox (partial likelihood)

Maximum likelihood estimation.
Algorithm 5: Newton (I)

Number of model parameters: 4
Type of covariance matrix: 2
Maximum number of iterations: 20
Convergence criterion: 1
Tolerance for norm of final gradient: 1e-06
Mue of Armijo condition: 0.2
Minimum of step size value: 1e-10
Scaling factor: -1

Log-likelihood of exponential null model: -2514.02
Changed scaling factor for log-likelihood: -0.001
Using default starting values.
Sorting episodes according to ending times.

Convergence reached in 4 iterations.
Number of function evaluations: 5 (5,5)

Maximum of log likelihood: -2562.51
Norm of final gradient vector: 1.73886e-08
Last absolute change of function value: 2.16269e-11
Last relative change in parameters: 7.73306e-05

Idx SN Org Des MT Variable      Coeff      Error    C/Error  Signif
-------------------------------------------------------------------
  1  1   0   1  A COHO2        0.3920     0.1135     3.4548  0.9994
  2  1   0   1  A COHO3        0.4668     0.1179     3.9604  0.9999
  3  1   0   1  A W            0.3947     0.0950     4.1543  1.0000
  4  1   0   1  A MARR        -0.2408     0.1000    -2.4083  0.9840

Log likelihood (starting values): -2584.5701 
Log likelihood (final estimates): -2562.5089 

----------------------------------------------------------------------------
Current memory: 390032 bytes. Max memory used: 493570 bytes.
End of program. Sat Jul 25 02:06:40 2026
