TDA. Analysis of Transition Data (6.4p). Tue Jul 21 05:46:54 2026
Current memory: 390032 bytes.

Reading command file: plot-wei.cf
============================================================================
psfile=plot-wei.ps
Opened new PostScript file: plot-wei.ps
----------------------------------------------------------------------------
psetup(...)
Creating a new 2d coordinate system.
Size (width x height in mm): 90 x 50
PostScript coordinates. X-axis: 150,405  Y-axis: 460,602
Origin (PostScript x and y coordinates): 150,460
Scaling (x and y axis): 1,1
Rotation (degrees): 0

User coordinates X axis:           0.0000,           3.0000 
User coordinates Y axis:           0.0000,           3.0000 
----------------------------------------------------------------------------
plxa(sc=1)
----------------------------------------------------------------------------
plya(sc=1)
----------------------------------------------------------------------------
plframe
----------------------------------------------------------------------------
plotf(rx=0.01(1)3,lt=1)=1+0*x

Function definition:
fn      = 1+0*x
----------------------------------------------------------------------------
plotf(rx=0.01(0.01)3,lt=5)=1.2*1^1.2*x^(1.2-1)

Function definition:
fn      = 1.2*1^1.2*x^(1.2-1)
----------------------------------------------------------------------------
plotf(rx=0.01(0.01)3,lt=6)=1.5*1^1.5*x^(1.5-1)

Function definition:
fn      = 1.5*1^1.5*x^(1.5-1)
----------------------------------------------------------------------------
plotf(rx=0.01(0.01)3,lt=5)=0.7*1^0.7*x^(0.7-1)

Function definition:
fn      = 0.7*1^0.7*x^(0.7-1)
----------------------------------------------------------------------------
plotf(rx=0.01(0.01)3,lt=6)=0.5*1^0.5*x^(0.5-1)

Function definition:
fn      = 0.5*1^0.5*x^(0.5-1)
----------------------------------------------------------------------------
pltext(xy=2.6,1.1)=b = 0.0
----------------------------------------------------------------------------
pltext(xy=2.6,1.6)=b = 1.2
----------------------------------------------------------------------------
pltext(xy=2.6,2.2)=b = 1.5
----------------------------------------------------------------------------
pltext(xy=2.6,0.6)=b = 0.7
----------------------------------------------------------------------------
pltext(xy=2.6,0.1)=b = 0.5
----------------------------------------------------------------------------
Current memory: 390032 bytes. Max memory used: 390178 bytes.
End of program. Tue Jul 21 05:46:54 2026
