Read records:     600     

  Iter    Function Value     Norm of Gradient  Par Change   FCall
    1   2.5140201213269e+00  1.2332436999e-01          --       1 (1,1)
    2   2.4463457668016e+00  8.3874500811e-02  1.0000e+00       2 (2,2)
    3   2.4336558347099e+00  9.9043146739e-03  2.8375e+00       3 (3,3)
    4   2.4333760720364e+00  2.6632909284e-04  2.5089e-01       4 (4,4)
    5   2.4333756812703e+00  3.7088398446e-07  8.1205e-03       5 (5,5)
TDA. Analysis of Transition Data (6.4p). Sat Jul 25 02:03:14 2026
Current memory: 390032 bytes.

Reading command file: rt3c.cf
============================================================================
nvar(...)
Creating new variables. Current memory: 390032 bytes.

Idx Variable  T   S  PFmt  Definition
-------------------------------------
  1 ID        3   4   3.0  c1
  2 SN        3   4   2.0  c2
  3 TS        3   4   3.0  c3
  4 TF        3   4   3.0  c4
  5 SEX       3   4   2.0  c5
  6 TI        3   4   3.0  c6
  7 TB        3   4   3.0  c7
  8 TE        3   4   3.0  c8
  9 TMAR      3   4   3.0  c9
 10 PRES      3   4   3.0  c10
 11 PRESN     3   4   3.0  c11
 12 EDU       3   4   2.0  c12
 13 COHO1     3   4   0.0  ge(TB,348)&le(TB,384)
 14 COHO2     3   4   0.0  ge(TB,468)&le(TB,504)
 15 COHO3     3   4   0.0  ge(TB,588)&le(TB,624)
 16 W         3   4   0.0  SEX[2]
 17 DES       3   4   1.0  if(eq(TF,TI),0,1)
 18 DUR       3   4   3.0  TF-TS+1

Creating a new data matrix.
Maximum number of cases: 1000

Using data file(s): rrdat.1
Free format. Separation character(s): default.

Reading data file: rrdat.1
Read records: 600 

Created a new data matrix.
Number of cases: 600
Number of variables: 18
Missing values in data file(s): none.

End of creating new variables. Current memory: 462843 bytes.
----------------------------------------------------------------------------
edef(...)
Creating new single episode data. Max number of transitions: 100.
Definition: org=0, des=DES, ts=0, tf=DUR

                                         Mean
SN  Org Des   Episodes    Weighted     Duration     TS Min      TF Max  Excl
----------------------------------------------------------------------------
 1    0   0       142       142.00      128.18        0.00      428.00    -
 1    0   1       458       458.00       49.30        0.00      350.00    -
Sum               600       600.00

Number of episodes: 600
Successfully created new episode data.
----------------------------------------------------------------------------
rate(...)=16
Transition rate models. Current memory: 462995 bytes.

Model: Exponential with period-specific effects

    Time period        Starting times  Ending times    Events
  -----------------------------------------------------------
   0.0000 -   12.0000             600            76        63
  12.0000 -   24.0000               0           104        96
  24.0000 -   36.0000               0           108        95
  36.0000 -   48.0000               0            55        44
  48.0000 -   60.0000               0            44        38
  60.0000 -   72.0000               0            38        29
  72.0000 -   84.0000               0            22        17
  84.0000 -   96.0000               0             9         6
  96.0000 -                         0           144        70

Maximum likelihood estimation.
Algorithm 5: Newton (I)

Number of model parameters: 36
Type of covariance matrix: 2
Maximum number of iterations: 20
Convergence criterion: 1
Tolerance for norm of final gradient: 1e-06
Mue of Armijo condition: 0.2
Minimum of step size value: 1e-10
Scaling factor: -1

Log-likelihood of exponential null model: -2514.02
Changed scaling factor for log-likelihood: -0.001
Using default starting values.

Checking constraints.
Con: 1 * b10 - 1 * b11 = 0
Con: 1 * b11 - 1 * b12 = 0
Con: 1 * b12 - 1 * b13 = 0
Con: 1 * b13 - 1 * b14 = 0
Con: 1 * b14 - 1 * b15 = 0
Con: 1 * b15 - 1 * b16 = 0
Con: 1 * b16 - 1 * b17 = 0
Con: 1 * b17 - 1 * b18 = 0
Con: 1 * b19 - 1 * b20 = 0
Con: 1 * b20 - 1 * b21 = 0
Con: 1 * b21 - 1 * b22 = 0
Con: 1 * b22 - 1 * b23 = 0
Con: 1 * b23 - 1 * b24 = 0
Con: 1 * b24 - 1 * b25 = 0
Con: 1 * b25 - 1 * b26 = 0
Con: 1 * b26 - 1 * b27 = 0
Con: 1 * b28 - 1 * b29 = 0
Con: 1 * b29 - 1 * b30 = 0
Con: 1 * b30 - 1 * b31 = 0
Con: 1 * b31 - 1 * b32 = 0
Con: 1 * b32 - 1 * b33 = 0
Con: 1 * b33 - 1 * b34 = 0
Con: 1 * b34 - 1 * b35 = 0
Con: 1 * b35 - 1 * b36 = 0

Number of constraints: 24

Convergence reached in 5 iterations.
Number of function evaluations: 6 (6,6)

Maximum of log likelihood: -2433.38
Norm of final gradient vector: 0.000370884
Last absolute change of function value: 1.60586e-07
Last relative change in parameters: 0.00812054

Idx SN Org Des MT  P Variable      Coeff      Error    C/Error  Signif
----------------------------------------------------------------------
  1  1   0   1  A  1 Period-1    -5.2070     0.1520   -34.2464  1.0000
  2  1   0   1  A  2 Period-2    -4.5473     0.1312   -34.6574  1.0000
  3  1   0   1  A  3 Period-3    -4.2675     0.1296   -32.9389  1.0000
  4  1   0   1  A  4 Period-4    -4.7784     0.1690   -28.2758  1.0000
  5  1   0   1  A  5 Period-5    -4.7300     0.1779   -26.5924  1.0000
  6  1   0   1  A  6 Period-6    -4.7862     0.1987   -24.0857  1.0000
  7  1   0   1  A  7 Period-7    -5.1366     0.2523   -20.3568  1.0000
  8  1   0   1  A  8 Period-8    -6.0783     0.4137   -14.6918  1.0000
  9  1   0   1  A  9 Period-9    -5.4198     0.1281   -42.3123  1.0000
 10  1   0   1  A  1 COHO2        0.4367     0.1133     3.8534  0.9999
 11  1   0   1  A  2 COHO2        0.4367     0.1133     3.8534  0.9999
 12  1   0   1  A  3 COHO2        0.4367     0.1133     3.8534  0.9999
 13  1   0   1  A  4 COHO2        0.4367     0.1133     3.8534  0.9999
 14  1   0   1  A  5 COHO2        0.4367     0.1133     3.8534  0.9999
 15  1   0   1  A  6 COHO2        0.4367     0.1133     3.8534  0.9999
 16  1   0   1  A  7 COHO2        0.4367     0.1133     3.8534  0.9999
 17  1   0   1  A  8 COHO2        0.4367     0.1133     3.8534  0.9999
 18  1   0   1  A  9 COHO2        0.4367     0.1133     3.8534  0.9999
 19  1   0   1  A  1 COHO3        0.5162     0.1182     4.3688  1.0000
 20  1   0   1  A  2 COHO3        0.5162     0.1182     4.3688  1.0000
 21  1   0   1  A  3 COHO3        0.5162     0.1182     4.3688  1.0000
 22  1   0   1  A  4 COHO3        0.5162     0.1182     4.3688  1.0000
 23  1   0   1  A  5 COHO3        0.5162     0.1182     4.3688  1.0000
 24  1   0   1  A  6 COHO3        0.5162     0.1182     4.3688  1.0000
 25  1   0   1  A  7 COHO3        0.5162     0.1182     4.3688  1.0000
 26  1   0   1  A  8 COHO3        0.5162     0.1182     4.3688  1.0000
 27  1   0   1  A  9 COHO3        0.5162     0.1182     4.3688  1.0000
 28  1   0   1  A  1 W            0.4336     0.0949     4.5688  1.0000
 29  1   0   1  A  2 W            0.4336     0.0949     4.5688  1.0000
 30  1   0   1  A  3 W            0.4336     0.0949     4.5688  1.0000
 31  1   0   1  A  4 W            0.4336     0.0949     4.5688  1.0000
 32  1   0   1  A  5 W            0.4336     0.0949     4.5688  1.0000
 33  1   0   1  A  6 W            0.4336     0.0949     4.5688  1.0000
 34  1   0   1  A  7 W            0.4336     0.0949     4.5688  1.0000
 35  1   0   1  A  8 W            0.4336     0.0949     4.5688  1.0000
 36  1   0   1  A  9 W            0.4336     0.0949     4.5688  1.0000

Log likelihood (starting values): -2514.0201 
Log likelihood (final estimates): -2433.3757 

----------------------------------------------------------------------------
Current memory: 390032 bytes. Max memory used: 501441 bytes.
End of program. Sat Jul 25 02:03:14 2026
