Read records:       2     
Total alignments: 1
TDA. Analysis of Transition Data (6.4p). Tue Jul 21 05:46:58 2026
Current memory: 390032 bytes.

Reading command file: seqm3.cf
============================================================================
nvar(...)
Creating new variables. Current memory: 390032 bytes.

Idx Variable  T   S  PFmt  Definition
-------------------------------------
  1 Y1        3   4   0.0  c1
  2 Y2        3   4   0.0  c2
  3 Y3        3   4   0.0  c3
  4 Y4        3   4   0.0  c4
  5 Y5        3   4   0.0  c5
  6 Y6        3   4   0.0  c6
  7 Y7        3   4   0.0  c7
  8 Y8        3   4   0.0  c8

Creating a new data matrix.
Maximum number of cases: 1000

Using data file(s): seqm.d3
Free format. Separation character(s): default.

Reading data file: seqm.d3
Read records: 2 

Created a new data matrix.
Number of cases: 2
Number of variables: 1
Missing values in data file(s): none.

End of creating new variables. Current memory: 422176 bytes.
----------------------------------------------------------------------------
seqdef=Y1,,Y8
Creating a new sequence data structure. Current memory: 422176 bytes.
Sequence structure number: 1
Sequence type: 1
Currently defined sequences:

Sequence          State       Time axis       Number
Structure Type  Variables  Minimum  Maximum  of States  States
--------------------------------------------------------------
     1      1         8          0        7         7    1 2 3 4 5 6 7

Range of common time axis: 0 to 7.
----------------------------------------------------------------------------
seqm(...)=seqm3.d
Sequence proximity measures. Current memory: 423030 bytes.
Optimal matching.
Using sequence data structure 1.
Number of states: 7. Max sequence length: 8
Test output will be written to: seqm3.tst

Indel cost: 1.
Substitution cost defined by matrix: SCOST

Starting alignment procedure.
Number of sequences (cases): 2
Sequences with zero length or internal gaps: 0
Sequences used for alignment: 2

Number of alignments: 1
1 record(s) written to output file: seqm3.d
TDA description written to: seqm3.tda
----------------------------------------------------------------------------
Current memory: 390032 bytes. Max memory used: 442259 bytes.
End of program. Tue Jul 21 05:46:58 2026
