TDA. Analysis of Transition Data (6.4p). Tue Jul 21 05:46:50 2026
Current memory: 390032 bytes.

Reading command file: ds4.cf
============================================================================
nvar(...)
Creating new variables. Current memory: 390032 bytes.

Idx Variable  T   S  PFmt  Definition
-------------------------------------
  1 C         3   4   0.0  case
  2 A         3   4   0.0  rd
  3 M1        4   4   0.0  smd[sm=[3R]](A)
  4 M2        4   4   0.0  smd[sm=[4253Ht]](A)
  5 M3        4   4   0.0  smd[sm=[3RSSHt]](A)

Creating a new data matrix.
Maximum number of cases: 20

Created a new data matrix.
Number of cases: 20
Number of variables: 5

End of creating new variables. Current memory: 390605 bytes.
----------------------------------------------------------------------------
psfile=ds4.ps
Opened new PostScript file: ds4.ps
----------------------------------------------------------------------------
psetup(...)
Creating a new 2d coordinate system.
Size (width x height in mm): 90 x 50
PostScript coordinates. X-axis: 150,405  Y-axis: 460,602
Origin (PostScript x and y coordinates): 150,460
Scaling (x and y axis): 1,1
Rotation (degrees): 0

User coordinates X axis:           0.0000,          21.0000 
User coordinates Y axis:           0.0000,           1.0000 
----------------------------------------------------------------------------
plxa(sc=1)
----------------------------------------------------------------------------
plya(sc=1,ic=10)
----------------------------------------------------------------------------
plot(lt=0,s=5,fs=1.0)=C,M1
----------------------------------------------------------------------------
plot=C,M1
----------------------------------------------------------------------------
plot(lt=5)=C,M2
----------------------------------------------------------------------------
plot(lt=8)=C,M3
----------------------------------------------------------------------------
Current memory: 390032 bytes. Max memory used: 392444 bytes.
End of program. Tue Jul 21 05:46:50 2026
