Read records:     196     
TDA. Analysis of Transition Data (6.4p). Tue Jul 21 05:46:54 2026
Current memory: 390032 bytes.

Reading command file: ple5p.cf
============================================================================
nvar(...)
Creating new variables. Current memory: 390032 bytes.

Idx Variable  T   S  PFmt  Definition
-------------------------------------
  1 T1        3   4   0.0  c1[0]&lt(c3,290)
  2 T2        3   4   0.0  c1[1]&lt(c3,290)
  3 Time      3   4   0.0  c3
  4 G         3   4   0.0  c7
  5 SE        3   4   0.0  c8
  6 UBnd      3   4   0.0  G+1.96*SE
  7 LBnd      3   4   0.0  G-1.96*SE

Creating a new data matrix.
Maximum number of cases: 1000

Using data file(s): ple.5
Free format. Separation character(s): default.

Reading data file: ple.5
Read records: 196 

Created a new data matrix.
Number of cases: 196
Number of variables: 7
Missing values in data file(s): none.

End of creating new variables. Current memory: 418445 bytes.
----------------------------------------------------------------------------
psfile=ple5p.ps
Opened new PostScript file: ple5p.ps
----------------------------------------------------------------------------
psetup(...)
Creating a new 2d coordinate system.
Size (width x height in mm): 90 x 50
PostScript coordinates. X-axis: 150,405  Y-axis: 460,602
Origin (PostScript x and y coordinates): 150,460
Scaling (x and y axis): 1,1
Rotation (degrees): 0

User coordinates X axis:           0.0000,         300.0000 
User coordinates Y axis:           0.0000,           1.0000 
----------------------------------------------------------------------------
plxa(sc=60,ic=5)
----------------------------------------------------------------------------
plya(sc=1,ic=10)
----------------------------------------------------------------------------
plframe
----------------------------------------------------------------------------
plot(gs=0.9,sel=T1)=Time,UBnd
----------------------------------------------------------------------------
plot(gs=1.0,sel=T1)=Time,LBnd
----------------------------------------------------------------------------
plot(lt=1,sel=T1)=Time,G
----------------------------------------------------------------------------
plot(gs=0.9,sel=T2)=Time,UBnd
----------------------------------------------------------------------------
plot(gs=1.0,sel=T2)=Time,LBnd
----------------------------------------------------------------------------
plot(lt=5,sel=T2)=Time,G
----------------------------------------------------------------------------
Current memory: 390032 bytes. Max memory used: 438528 bytes.
End of program. Tue Jul 21 05:46:54 2026
