TDA. Analysis of Transition Data (6.4p). Tue Jul 21 05:46:54 2026
Current memory: 390032 bytes.

Reading command file: plot-g2.cf
============================================================================
psfile=plot-g2.ps
Opened new PostScript file: plot-g2.ps
----------------------------------------------------------------------------
psetup(...)
Creating a new 2d coordinate system.
Size (width x height in mm): 90 x 50
PostScript coordinates. X-axis: 150,405  Y-axis: 460,602
Origin (PostScript x and y coordinates): 150,460
Scaling (x and y axis): 1,1
Rotation (degrees): 0

User coordinates X axis:           0.0000,           5.0000 
User coordinates Y axis:           0.0000,           3.0000 
----------------------------------------------------------------------------
plxa(sc=1)
----------------------------------------------------------------------------
plya(sc=1)
----------------------------------------------------------------------------
plframe
----------------------------------------------------------------------------
plotf(rx=0.01(0.02)5,lt=1)=1^(1-0.5)*exp(sqrt(1)*log(x)-1*exp(log(x)/sqrt(1)))/(x*exp(lgam(1))*(1-icg(1*exp(log(x)/sqrt(1)),1)))

Function definition:
fn      = 1^(1-0.5)*exp(sqrt(1)*log(x)-1*exp(log(x)/sqrt(1)))/(x*exp(lgam(1))*(1-icg(1*exp(log(x)/sqrt(1)),1)))
----------------------------------------------------------------------------
plotf(rx=0.01(0.02)5,lt=5)=1^(1-0.5)*exp(sqrt(1)*log(x)/0.7-1*exp((log(x)/0.7)/sqrt(1)))/(x*exp(lgam(1))*(1-icg(1*exp((log(x)/0.7)/sqrt(1)),1)))

Function definition:
fn      = 1^(1-0.5)*exp(sqrt(1)*log(x)/0.7-1*exp((log(x)/0.7)/sqrt(1)))/(x*exp(lgam(1))*(1-icg(1*exp((log(x)/0.7)/sqrt(1)),1)))
----------------------------------------------------------------------------
plotf(rx=0.01(0.02)5,lt=6)=1^(1-0.5)*exp(sqrt(1)*log(x)/2-1*exp((log(x)/2)/sqrt(1)))/(x*exp(lgam(1))*(1-icg(1*exp((log(x)/2)/sqrt(1)),1)))

Function definition:
fn      = 1^(1-0.5)*exp(sqrt(1)*log(x)/2-1*exp((log(x)/2)/sqrt(1)))/(x*exp(lgam(1))*(1-icg(1*exp((log(x)/2)/sqrt(1)),1)))
----------------------------------------------------------------------------
pltext(xy=0.5,2.6)=a = 0.0
----------------------------------------------------------------------------
pltext(xy=0.5,2.35)=k = 1.0
----------------------------------------------------------------------------
pltext(xy=4,0.6)=b = 2.0
----------------------------------------------------------------------------
pltext(xy=4,1.1)=b = 1.0
----------------------------------------------------------------------------
pltext(xy=4,2)=b = 0.7
----------------------------------------------------------------------------
Current memory: 390032 bytes. Max memory used: 390598 bytes.
End of program. Tue Jul 21 05:46:54 2026
