Read records:       3     
Total alignments: 3
TDA. Analysis of Transition Data (6.4p). Tue Jul 21 05:46:58 2026
Current memory: 390032 bytes.

Reading command file: seqm2.cf
============================================================================
nvar(...)
Creating new variables. Current memory: 390032 bytes.

Idx Variable  T   S  PFmt  Definition
-------------------------------------
  1 Y1        3   4   0.0  c1
  2 Y2        3   4   0.0  c2
  3 Y3        3   4   0.0  c3
  4 Y4        3   4   0.0  c4
  5 Y5        3   4   0.0  c5

Creating a new data matrix.
Maximum number of cases: 1000

Using data file(s): seqm.d2
Free format. Separation character(s): default.

Reading data file: seqm.d2
Read records: 3 

Created a new data matrix.
Number of cases: 3
Number of variables: 1
Missing values in data file(s): none.

End of creating new variables. Current memory: 410122 bytes.
----------------------------------------------------------------------------
seqdef=Y1,,Y5
Creating a new sequence data structure. Current memory: 410122 bytes.
Sequence structure number: 1
Sequence type: 1
Currently defined sequences:

Sequence          State       Time axis       Number
Structure Type  Variables  Minimum  Maximum  of States  States
--------------------------------------------------------------
     1      1         5          0        4         2    1 2

Range of common time axis: 0 to 4.
----------------------------------------------------------------------------
seqm(...)=seqm2.d
Sequence proximity measures. Current memory: 410142 bytes.
Optimal matching.
Using sequence data structure 1.
Number of states: 2. Max sequence length: 5
Option (sm=1): skip internal gaps.
Test output will be written to: seqm2.tst

Default indel cost: 1.
Default substitution cost: 2.

Starting alignment procedure.
Number of sequences (cases): 3
Sequences with zero length or internal gaps: 0
Sequences used for alignment: 3

Number of alignments: 3
3 record(s) written to output file: seqm2.d
Maximum distance between sequences 2 and 1: 4
TDA description written to: seqm2.tda
----------------------------------------------------------------------------
Current memory: 390032 bytes. Max memory used: 430178 bytes.
End of program. Tue Jul 21 05:46:58 2026
