Read records:     600     

  Iter    Function Value     Norm of Gradient  Par Change   FCall
    1   5.5865134051659e-01  1.4037564417e+00          --       1 (1,1)
    2   5.5312494725120e-01  5.5110542043e-01  1.0000e+00       2 (2,2)
    3   5.5288651174933e-01  3.3517270481e-02  1.0139e+00       3 (3,3)
    4   5.5288551872279e-01  2.0413229438e-04  1.4665e-01       4 (4,4)
    5   5.5288551868040e-01  9.1389213479e-09  1.1666e-03       5 (5,5)
TDA. Analysis of Transition Data (6.4p). Sat Jul 25 02:03:17 2026
Current memory: 390032 bytes.

Reading command file: ehd4.cf
============================================================================
nvar(...)
Creating new variables. Current memory: 390032 bytes.

Idx Variable  T   S  PFmt  Definition
-------------------------------------
  1 ID        3   4   3.0  c1
  2 NOJ       3   4   2.0  c2
  3 TStart    3   4   3.0  c3
  4 TFin      3   4   3.0  c4
  5 SEX       3   4   2.0  c5
  6 TI        3   4   3.0  c6
  7 TB        3   4   3.0  c7
  8 TE        3   4   3.0  c8
  9 TMAR      3   4   3.0  c9
 10 PRES      3   4   3.0  c10
 11 PRESN     3   4   3.0  c11
 12 EDU       3   4   2.0  c12
 13 TFP       3   4   3.0  TFin-TStart+1
 14 DES       3   4   0.0  if(eq(TFin,TI),0,
                         if(gt(PRESN/PRES-1,0.2),0,
                         if(lt(PRESN/PRES-1,0.0),0,2)))
 15 COHO2     3   4   0.0  ge(TB,468)&le(TB,504)
 16 COHO3     3   4   0.0  ge(TB,588)&le(TB,624)
 17 LFX       3   4   0.0  TStart-TE
 18 PNOJ      3   4   0.0  NOJ-1

Creating a new data matrix.
Maximum number of cases: 1000
Input select (isel): le(rd(0,1),84/219)

Using data file(s): rrdat.1
Free format. Separation character(s): default.

Reading data file: rrdat.1
Read records: 600 
Selected for data matrix: 235 records.

Created a new data matrix.
Number of cases: 235
Number of variables: 18
Missing values in data file(s): none.

End of creating new variables. Current memory: 463140 bytes.
----------------------------------------------------------------------------
edef(...)
Creating new single episode data. Max number of transitions: 100.
Definition: org=0, des=DES, ts=0, tf=TFP

                                         Mean
SN  Org Des   Episodes    Weighted     Duration     TS Min      TF Max  Excl
----------------------------------------------------------------------------
 1    0   0       145       145.00       82.71        0.00      428.00    -
 1    0   2        90        90.00       49.33        0.00      209.00    -
Sum               235       235.00

Number of episodes: 235
Successfully created new episode data.
----------------------------------------------------------------------------
rate(...)=2
Transition rate models. Current memory: 463292 bytes.

Model: Exponential

Maximum likelihood estimation.
Algorithm 5: Newton (I)

Number of model parameters: 7
Type of covariance matrix: 2
Maximum number of iterations: 20
Convergence criterion: 1
Tolerance for norm of final gradient: 1e-06
Mue of Armijo condition: 0.2
Minimum of step size value: 1e-10
Scaling factor: -1

Log-likelihood of exponential null model: -558.651
Changed scaling factor for log-likelihood: -0.001
Using default starting values.

Convergence reached in 5 iterations.
Number of function evaluations: 6 (6,6)

Maximum of log likelihood: -552.886
Norm of final gradient vector: 9.13892e-06
Last absolute change of function value: 7.66733e-11
Last relative change in parameters: 0.00116661

Idx SN Org Des MT Variable      Coeff      Error    C/Error  Signif
-------------------------------------------------------------------
  1  1   0   2  A Constant    -5.3301     0.6960    -7.6583  1.0000
  2  1   0   2  A EDU         -0.0097     0.0594    -0.1627  0.1293
  3  1   0   2  A COHO2        0.6587     0.2516     2.6181  0.9912
  4  1   0   2  A COHO3        0.4869     0.2732     1.7824  0.9253
  5  1   0   2  A LFX         -0.0025     0.0023    -1.1042  0.7305
  6  1   0   2  A PNOJ        -0.0109     0.1138    -0.0961  0.0765
  7  1   0   2  A PRES         0.0014     0.0127     0.1073  0.0854

Log likelihood (starting values):  -558.6513 
Log likelihood (final estimates):  -552.8855 

----------------------------------------------------------------------------
Current memory: 390032 bytes. Max memory used: 483343 bytes.
End of program. Sat Jul 25 02:03:17 2026
