Read records:     600     

  Iter    Function Value     Norm of Gradient  Par Change   FCall
    1   2.5140201213269e+00  1.0047345544e+01          --       1 (1,1)
    2   2.4421532843417e+00  7.3780850903e+00  1.0000e+00       2 (2,2)
    3   2.4342972894775e+00  8.4038234940e-01  3.9585e-01       3 (3,3)
    4   2.4341755112984e+00  2.0230983454e-02  9.3719e-02       4 (4,4)
    5   2.4341754354155e+00  1.5319817748e-05  3.0430e-03       5 (5,5)
    6   2.4341754354154e+00  9.3221322212e-12  2.4808e-06       6 (6,6)
TDA. Analysis of Transition Data (6.4p). Sat Jul 25 02:03:17 2026
Current memory: 390032 bytes.

Reading command file: ehf4.cf
============================================================================
nvar(...)
Creating new variables. Current memory: 390032 bytes.

Idx Variable  T   S  PFmt  Definition
-------------------------------------
  1 ID        3   4   3.0  c1
  2 NOJ       3   4   2.0  c2
  3 TStart    3   4   3.0  c3
  4 TFin      3   4   3.0  c4
  5 SEX       3   4   2.0  c5
  6 TI        3   4   3.0  c6
  7 TB        3   4   3.0  c7
  8 TE        3   4   3.0  c8
  9 TMAR      3   4   3.0  c9
 10 PRES      3   4   3.0  c10
 11 PRESN     3   4   3.0  c11
 12 EDU       3   4   2.0  c12
 13 DES       3   4   1.0  if(eq(TFin,TI),0,1)
 14 TFP       3   4   3.0  TFin-TStart+1
 15 COHO2     3   4   0.0  ge(TB,468)&le(TB,504)
 16 COHO3     3   4   0.0  ge(TB,588)&le(TB,624)
 17 LFX       3   4   0.0  TStart-TE
 18 PNOJ      3   4   0.0  NOJ-1
 19 MarrDate  3   4   0.0  if(le(TMAR,0),10000,TMAR-TStart)

Creating a new data matrix.
Maximum number of cases: 1000

Using data file(s): rrdat.1
Free format. Separation character(s): default.

Reading data file: rrdat.1
Read records: 600 

Created a new data matrix.
Number of cases: 600
Number of variables: 19
Missing values in data file(s): none.

End of creating new variables. Current memory: 466972 bytes.
----------------------------------------------------------------------------
edef(...)
Creating new single episode data. Max number of transitions: 100.
Definition: org=0, des=DES, ts=0, tf=TFP
Episode splitting with variable(s): MarrDate

                                         Mean
SN  Org Des   Episodes    Weighted     Duration     TS Min      TF Max  Excl
----------------------------------------------------------------------------
 1    0   0       142       142.00      128.18        0.00      428.00    -
 1    0   1       458       458.00       49.30        0.00      350.00    -
Sum               600       600.00

Type 5 variables (dependent on current episode data).

Idx Variable  T   S  PFmt  Definition
-------------------------------------
  1 MARR      5   4   0.0  le(MarrDate,ts)
  2 MarrMen   5   4   0.0  SEX[1]&le(MarrDate,ts)

Number of episodes: 600
Number of splits: 761
Errors in evaluating type 5 variables: 0
Successfully created new episode data.
----------------------------------------------------------------------------
rate(...)=2
Transition rate models. Current memory: 475296 bytes.

Model: Exponential

Maximum likelihood estimation.
Algorithm 5: Newton (I)

Number of model parameters: 9
Type of covariance matrix: 2
Maximum number of iterations: 20
Convergence criterion: 1
Tolerance for norm of final gradient: 1e-06
Mue of Armijo condition: 0.2
Minimum of step size value: 1e-10
Scaling factor: -1

Log-likelihood of exponential null model: -2514.02
Changed scaling factor for log-likelihood: -0.001
Using default starting values.

Convergence reached in 6 iterations.
Number of function evaluations: 7 (7,7)

Maximum of log likelihood: -2434.18
Norm of final gradient vector: 9.32213e-09
Last absolute change of function value: 1.84264e-14
Last relative change in parameters: 2.4808e-06

Idx SN Org Des MT Variable      Coeff      Error    C/Error  Signif
-------------------------------------------------------------------
  1  1   0   1  A Constant    -4.5842     0.2694   -17.0163  1.0000
  2  1   0   1  A EDU          0.0943     0.0234     4.0227  0.9999
  3  1   0   1  A COHO2        0.5423     0.1132     4.7916  1.0000
  4  1   0   1  A COHO3        0.5304     0.1192     4.4494  1.0000
  5  1   0   1  A LFX         -0.0031     0.0010    -3.1550  0.9984
  6  1   0   1  A PNOJ         0.1029     0.0445     2.3126  0.9793
  7  1   0   1  A PRES        -0.0264     0.0054    -4.9363  1.0000
  8  1   0   1  A MARR         0.2735     0.1231     2.2209  0.9736
  9  1   0   1  A MarrMen     -1.0231     0.1401    -7.3019  1.0000

Log likelihood (starting values): -2514.0201 
Log likelihood (final estimates): -2434.1754 

----------------------------------------------------------------------------
Current memory: 390032 bytes. Max memory used: 487091 bytes.
End of program. Sat Jul 25 02:03:17 2026
