Read records:     600     

  Iter    Function Value     Norm of Gradient  Par Change   FCall
    1   2.5573645281526e+00  1.5859647275e+01          --       1 (1,1)
    2   2.4427821425678e+00  1.7984314293e+00  1.2541e+00       3 (3,3)
    3   2.4380092917618e+00  3.6064574540e-01  5.3392e-01       4 (4,4)
    4   2.4379749662237e+00  2.1322231711e-03  1.0132e-02       5 (5,5)
    5   2.4379749645837e+00  9.7210780064e-08  1.1371e-04       6 (6,6)
TDA. Analysis of Transition Data (6.4p). Sat Jul 25 02:03:17 2026
Current memory: 390032 bytes.

Reading command file: ehg2.cf
============================================================================
nvar(...)
Creating new variables. Current memory: 390032 bytes.

Idx Variable  T   S  PFmt  Definition
-------------------------------------
  1 ID        3   4   3.0  c1
  2 NOJ       3   4   2.0  c2
  3 TStart    3   4   3.0  c3
  4 TFin      3   4   3.0  c4
  5 SEX       3   4   2.0  c5
  6 TI        3   4   3.0  c6
  7 TB        3   4   3.0  c7
  8 TE        3   4   3.0  c8
  9 TMAR      3   4   3.0  c9
 10 PRES      3   4   3.0  c10
 11 PRESN     3   4   3.0  c11
 12 EDU       3   4   2.0  c12
 13 DES       3   4   1.0  if(eq(TFin,TI),0,1)
 14 TFP       3   4   3.0  TFin-TStart+1
 15 COHO2     3   4   0.0  ge(TB,468)&le(TB,504)
 16 COHO3     3   4   0.0  ge(TB,588)&le(TB,624)
 17 LFX       3   4   0.0  TStart-TE
 18 PNOJ      3   4   0.0  NOJ-1

Creating a new data matrix.
Maximum number of cases: 1000

Using data file(s): rrdat.1
Free format. Separation character(s): default.

Reading data file: rrdat.1
Read records: 600 

Created a new data matrix.
Number of cases: 600
Number of variables: 18
Missing values in data file(s): none.

End of creating new variables. Current memory: 462798 bytes.
----------------------------------------------------------------------------
edef(...)
Creating new single episode data. Max number of transitions: 100.
Definition: org=0, des=DES, ts=0, tf=TFP

                                         Mean
SN  Org Des   Episodes    Weighted     Duration     TS Min      TF Max  Excl
----------------------------------------------------------------------------
 1    0   0       142       142.00      128.18        0.00      428.00    -
 1    0   1       458       458.00       49.30        0.00      350.00    -
Sum               600       600.00

Number of episodes: 600
Successfully created new episode data.
----------------------------------------------------------------------------
rate(...)=6
Transition rate models. Current memory: 462950 bytes.

Model: Gompertz-Makeham

Maximum likelihood estimation.
Algorithm 5: Newton (I)

Number of model parameters: 8
Type of covariance matrix: 2
Maximum number of iterations: 20
Convergence criterion: 1
Tolerance for norm of final gradient: 1e-06
Mue of Armijo condition: 0.2
Minimum of step size value: 1e-10
Scaling factor: -1

Log-likelihood of exponential null model: -2514.02
Changed scaling factor for log-likelihood: -0.001
Using default starting values.

Convergence reached in 5 iterations.
Number of function evaluations: 7 (7,7)

Maximum of log likelihood: -2437.97
Norm of final gradient vector: 9.72108e-05
Last absolute change of function value: 6.72669e-10
Last relative change in parameters: 0.000113715

Idx SN Org Des MT Variable      Coeff      Error    C/Error  Signif
-------------------------------------------------------------------
  1  1   0   1  B Constant    -3.9105     0.2814   -13.8985  1.0000
  2  1   0   1  B EDU          0.0634     0.0248     2.5565  0.9894
  3  1   0   1  B COHO2        0.4130     0.1152     3.5849  0.9997
  4  1   0   1  B COHO3        0.3119     0.1222     2.5512  0.9893
  5  1   0   1  B LFX         -0.0039     0.0009    -4.1613  1.0000
  6  1   0   1  B PNOJ         0.0627     0.0441     1.4241  0.8456
  7  1   0   1  B PRES        -0.0250     0.0055    -4.5893  1.0000
  8  1   0   1  C Constant    -0.0059     0.0009    -6.7272  1.0000

Log likelihood (starting values): -2557.3645 
Log likelihood (final estimates): -2437.9750 

Calculating generalized residuals; will be written to: ehg2.res

----------------------------------------------------------------------------
Current memory: 390032 bytes. Max memory used: 482917 bytes.
End of program. Sat Jul 25 02:03:17 2026
