TDA. Analysis of Transition Data (6.4q). Wed Sep  2 16:02:32 2026
Current memory: 390032 bytes.

Reading command file: nlreg.cf
============================================================================
nvar(...)
Creating new variables. Current memory: 390032 bytes.

Idx Variable  T   S  PFmt  Definition
-------------------------------------
  1 ID        3   4   3.0  c1
  2 X         3   4   6.2  c2
  3 Y         3   4   6.2  c3
  4 G         3   4   1.0  c4
  5 T         3   4   3.0  c5
  6 D         3   4   1.0  c6
  7 YL        3   4   6.2  c7
  8 YU        3   4   6.2  c8
  9 XL        3   4   6.2  c9
 10 XU        3   4   6.2  c10
 11 P1        3   4   6.3  c11
 12 P2        3   4   6.3  c12
 13 P3        3   4   6.3  c13
 14 TS        2   8   1.0  0
 15 ORG       2   8   1.0  0
 16 TL        3   4   3.0  T
 17 TU        3   4   3.0  T+5
 18 G1        3   4   0.0  G[1]
 19 G2        3   4   0.0  G[2]

Creating a new data matrix.
Maximum number of cases: 1000

Using data file(s): d.dat
Free format. Separation character(s): default.

Reading data file: d.dat
Read records: 20 

Created a new data matrix.
Number of cases: 20
Number of variables: 19
Missing values in data file(s): none.

End of creating new variables. Current memory: 458464 bytes.
----------------------------------------------------------------------------
nlreg(...)
Nonlinear regression. Current memory: 458464 bytes.

Type: ordinary least squares regression.
Function: linear predictor [including intercept].
Derivatives: analytical.

Variables (cross-section)
-------------------------
Y   : X  
X1  : Y  

Number of parameters:            2
Number of cases:                 20
Max number of iterations:        50
Tolerance squared convergence:   1e-08
Tolerance parameter convergence: 1e-10


Convergence reached. Number of iterations: 2. Function calls: 9 (3)
Type: squared and parameter convergence.

Rank deficiency: 0
Degrees of freedom: 18
Sum of squared epsilon: 804.652
Variance of residuals: 44.7029

Idx  Wave  Variable       Coeff      Error    Coeff/E  Signif
-------------------------------------------------------------
  1     -  Intercept     9.1994     3.2699     2.8134  0.9885
  2     1  Y             0.3498     0.3178     1.1006  0.7144

----------------------------------------------------------------------------
Current memory: 390032 bytes. Max memory used: 478592 bytes.
End of program. Wed Sep  2 16:02:32 2026
