TDA. Analysis of Transition Data (6.4q). Wed Sep  2 16:02:32 2026
Current memory: 390032 bytes.

Reading command file: wspss1.cf
============================================================================
wspss1(...)=out.txt
Writing SPSS sav file: out.txt
No variables selected.
----------------------------------------------------------------------------
Current memory: 390032 bytes. Max memory used: 390032 bytes.
End of program. Wed Sep  2 16:02:32 2026
