TDA. Analysis of Transition Data (6.4q). Wed Sep  2 16:02:32 2026
Current memory: 390032 bytes.

Reading command file: wstata.cf
============================================================================
wstata(...)=out.txt
Writing Stata file: out.txt
For Stata release: 10
No variables selected.
----------------------------------------------------------------------------
Current memory: 390032 bytes. Max memory used: 390032 bytes.
End of program. Wed Sep  2 16:02:32 2026
