TDA. Analysis of Transition Data (6.4q). Wed Sep  2 16:02:32 2026
Current memory: 390032 bytes.

Reading command file: zreg1.cf
============================================================================
nvar(...)
Creating new variables. Current memory: 390032 bytes.

Idx Variable  T   S  PFmt  Definition
-------------------------------------
  1 ID        3   4   3.0  c1
  2 X         3   4   6.2  c2
  3 Y         3   4   6.2  c3
  4 G         3   4   1.0  c4
  5 T         3   4   3.0  c5
  6 D         3   4   1.0  c6
  7 YL        3   4   6.2  c7
  8 YU        3   4   6.2  c8
  9 XL        3   4   6.2  c9
 10 XU        3   4   6.2  c10
 11 P1        3   4   6.3  c11
 12 P2        3   4   6.3  c12
 13 P3        3   4   6.3  c13
 14 TS        2   8   1.0  0
 15 ORG       2   8   1.0  0
 16 TL        3   4   3.0  T
 17 TU        3   4   3.0  T+5
 18 G1        3   4   0.0  G[1]
 19 G2        3   4   0.0  G[2]

Creating a new data matrix.
Maximum number of cases: 1000

Using data file(s): d.dat
Free format. Separation character(s): default.

Reading data file: d.dat
Read records: 20 

Created a new data matrix.
Number of cases: 20
Number of variables: 19
Missing values in data file(s): none.

End of creating new variables. Current memory: 458464 bytes.
----------------------------------------------------------------------------
zreg1(...)=...
Regression with censored data. Current memory: 458464 bytes.

Variables (cross-section)
-------------------------
Y   : Y  
X1  : X  

Number of cases: 20
Number of time-independent covariates: 1
Number of time-varying covariates: 0
Censoring indicator: D
Max number of iterations: 20
Tolerance for convergence: 1e-06

Time      N    Cen  Iter  Model parameters
------------------------------------------
   0     20     10    14     8.8517     0.2395 
   1     19     10    21    11.3277     0.0358 
   2     18      9    21    10.3277     0.0358 
   3     17      8    20     9.3277     0.0358 
   4     16      7    21     8.3277     0.0358 
   5     15      6    21     7.3277     0.0358 
   6     13      5    15     3.4983     0.2710 
   7     12      5    21     4.9404     0.1279 
   8     11      5    21     7.4610    -0.0637 
   9     10      5    21     6.8148    -0.0512 
----------------------------------------------------------------------------
Current memory: 390032 bytes. Max memory used: 478592 bytes.
End of program. Wed Sep  2 16:02:32 2026
